// Vitest Snapshot v1, https://vitest.dev/guide/snapshot.html

exports[`av > disabled 1`] = `"<div disabled="true"><img src="" alt=""></div>"`;

exports[`avestic > disabled 1`] = `"<div disabled="true"><img src="" alt=""></div>"`;

exports[`button > disabled 1`] = `"<div disabled="true"><img src="" alt=""></div>"`;
